---
source: src/app.rs
expression: output_lines
---
- "Usage: teaparty sender [OPTIONS] [IP_ADDR] [PORT] [COMMAND]"
- ""
- "Commands:"
- "  tlvs  "
- "  help  Print this message or the help of the given subcommand(s)"
- ""
- "Arguments:"
- "  [IP_ADDR]  [default: 0.0.0.0]"
- "  [PORT]     [default: 862]"
- ""
- "Options:"
- "      --ssid <SSID>"
- "          Specify a non-zero Ssid (in decimal or hexadecimal [by using the 0x prefix])"
- "      --malformed <MALFORMED>"
- "          Include a malformed Tlv in the test packet [possible values: bad-flags, bad-length]"
- "      --ecn <ECN>"
- "          Enable a non-default ECN for testing [possible values: not-ect, ect1, ect0, ce]"
- "      --dscp <DSCP>"
- "          Enable a non-default DSCP for testing [possible values: cs0, cs1, cs2, cs3, cs4, cs5, cs6, cs7, af11, af12, af13, af21, af22, af23, af31, af32, af33, af41, af42, af43, ef, voiceadmit]"
- "      --ttl <TTL>"
- "          Enable a non-default TTL for testing"
- "      --src-port <SRC_PORT>"
- "          Enable a non-operating-system chosen source port for the test packet"
- "      --authenticated <AUTHENTICATED>"
- "          "
- "      --destination-ext <DESTINATION_EXT>"
- "          Add an IPv6 Extension Header option to the Destination Extension Header (specified as T,L[,V])"
- "      --hbh-ext <HBH_EXT>"
- "          Add an IPv6 Extension Header option to the Hop-by-hop Extension Header (specified as T,L[,V])"
- "  -h, --help"
- "          Print help"
- ""
